// Jest Snapshot v1, https://goo.gl/fbAQLP

exports[`react-test-renderer 1`] = `undefined`;
